timestamp_utc,lat,lon,altitude_m,ground_speed_mps,vertical_speed_mps,roll_deg,pitch_deg,yaw_deg,flight_mode,armed,battery_voltage,battery_remaining_pct,gps_fix,satellites,link_rssi
2025-12-06T17:51:39.073105,37.6188077,-122.3754160,5.60,1.50,2.98,-0.38,0.34,89.98,MANUAL,1,16.79,100.00,1,14,-45.2
2025-12-06T17:51:39.273105,37.6188118,-122.3754160,6.18,2.29,2.98,0.45,0.37,89.89,MANUAL,1,16.79,99.99,1,14,-45.2
2025-12-06T17:51:39.473105,37.6188172,-122.3754160,6.81,3.00,3.05,-0.12,0.37,89.92,MANUAL,1,16.80,99.99,1,14,-45.2
2025-12-06T17:51:39.673105,37.6188238,-122.3754160,7.37,3.66,2.97,0.44,0.86,89.89,MANUAL,1,16.81,99.98,1,15,-45.2
2025-12-06T17:51:39.873105,37.6188316,-122.3754159,7.98,4.33,3.06,0.62,0.26,89.90,MANUAL,1,16.80,99.98,1,14,-45.2
2025-12-06T17:51:40.073105,37.6188402,-122.3754159,8.56,4.79,3.03,0.45,0.65,89.94,MANUAL,1,16.79,99.98,1,13,-45.4
2025-12-06T17:51:40.273105,37.6188494,-122.3754159,9.13,5.12,2.90,1.34,0.35,90.04,MANUAL,1,16.79,99.97,1,14,-45.5
2025-12-06T17:51:40.473105,37.6188592,-122.3754160,9.72,5.47,3.05,0.61,0.09,90.06,MANUAL,1,16.79,99.97,1,14,-45.4
2025-12-06T17:51:40.673105,37.6188695,-122.3754160,10.30,5.73,3.03,1.47,0.49,90.02,MANUAL,1,16.79,99.96,1,13,-45.4
2025-12-06T17:51:40.873105,37.6188803,-122.3754160,10.90,6.03,2.97,1.03,0.64,90.06,MANUAL,1,16.78,99.96,1,16,-45.3
2025-12-06T17:51:41.073105,37.6188915,-122.3754160,11.47,6.21,3.03,1.04,0.62,90.09,MANUAL,1,16.81,99.96,1,15,-45.2
2025-12-06T17:51:41.273105,37.6189032,-122.3754160,12.05,6.52,3.03,1.31,0.35,90.15,MANUAL,1,16.81,99.95,1,11,-45.1
2025-12-06T17:51:41.473105,37.6189151,-122.3754161,12.66,6.64,2.99,1.95,0.80,90.25,MANUAL,1,16.79,99.95,1,14,-45.1
2025-12-06T17:51:41.673105,37.6189275,-122.3754162,13.24,6.88,2.92,1.44,0.42,90.40,MANUAL,1,16.79,99.94,1,13,-45.1
2025-12-06T17:51:41.873105,37.6189401,-122.3754163,13.82,7.00,2.98,1.44,0.72,90.47,MANUAL,1,16.78,99.94,1,14,-45.1
2025-12-06T17:51:42.073105,37.6189529,-122.3754165,14.40,7.16,3.06,1.54,0.95,90.46,MANUAL,1,16.79,99.94,1,13,-45.0
2025-12-06T17:51:42.273105,37.6189659,-122.3754166,15.00,7.24,2.97,1.98,1.10,90.50,MANUAL,1,16.79,99.93,1,14,-45.1
2025-12-06T17:51:42.473105,37.6189791,-122.3754168,15.60,7.32,3.04,2.13,0.89,90.60,MANUAL,1,16.79,99.93,1,14,-45.1
2025-12-06T17:51:42.673105,37.6189923,-122.3754170,16.17,7.36,3.01,2.46,1.15,90.74,MANUAL,1,16.78,99.92,1,13,-45.1
2025-12-06T17:51:42.873105,37.6190057,-122.3754172,16.75,7.43,2.97,2.57,0.96,90.82,MANUAL,1,16.79,99.92,1,13,-45.2
2025-12-06T17:51:43.073105,37.6190192,-122.3754175,17.38,7.55,3.00,2.07,1.10,90.91,MANUAL,1,16.79,99.92,1,13,-45.3
2025-12-06T17:51:43.273105,37.6190330,-122.3754178,17.95,7.65,2.95,2.25,0.99,90.99,MANUAL,1,16.80,99.91,1,11,-45.4
2025-12-06T17:51:43.473105,37.6190467,-122.3754181,18.54,7.67,3.02,2.50,0.69,91.02,MANUAL,1,16.78,99.91,1,14,-45.3
2025-12-06T17:51:43.673105,37.6190605,-122.3754185,19.17,7.68,3.02,2.67,0.95,91.10,MANUAL,1,16.79,99.90,1,15,-45.4
2025-12-06T17:51:43.873105,37.6190744,-122.3754189,19.76,7.71,2.96,2.76,0.87,91.28,MANUAL,1,16.78,99.90,1,12,-45.5
2025-12-06T17:51:44.073105,37.6190882,-122.3754193,20.37,7.71,2.92,3.03,0.99,91.36,MANUAL,1,16.78,99.90,1,14,-45.6
2025-12-06T17:51:44.273105,37.6191022,-122.3754197,21.00,7.80,2.99,3.34,1.29,91.47,MANUAL,1,16.78,99.89,1,14,-45.6
2025-12-06T17:51:44.473105,37.6191163,-122.3754202,21.60,7.85,2.97,3.20,1.11,91.55,MANUAL,1,16.78,99.89,1,16,-45.6
2025-12-06T17:51:44.673105,37.6191303,-122.3754208,22.23,7.80,2.96,3.14,1.34,91.80,MANUAL,1,16.78,99.88,1,14,-45.7
2025-12-06T17:51:44.873105,37.6191443,-122.3754213,22.84,7.81,3.10,2.85,1.31,91.90,MANUAL,1,16.79,99.88,1,14,-45.7
2025-12-06T17:51:45.073105,37.6191584,-122.3754220,23.46,7.82,2.94,2.93,1.41,92.03,MANUAL,1,16.78,99.88,1,12,-45.7
2025-12-06T17:51:45.273105,37.6191726,-122.3754227,24.10,7.89,2.97,3.51,1.52,92.20,MANUAL,1,16.79,99.87,1,14,-45.7
2025-12-06T17:51:45.473105,37.6191868,-122.3754234,24.71,7.95,2.95,3.44,1.13,92.33,MANUAL,1,16.79,99.87,1,14,-45.6
2025-12-06T17:51:45.673105,37.6192013,-122.3754242,25.31,8.04,3.02,3.39,1.16,92.45,MANUAL,1,16.78,99.86,1,14,-45.6
2025-12-06T17:51:45.873105,37.6192156,-122.3754250,25.91,8.01,3.02,3.77,1.50,92.57,MANUAL,1,16.77,99.86,1,15,-45.6
2025-12-06T17:51:46.073105,37.6192300,-122.3754258,26.51,7.99,2.99,3.85,0.92,92.72,MANUAL,1,16.77,99.86,1,12,-45.7
2025-12-06T17:51:46.273105,37.6192444,-122.3754268,27.17,8.06,3.12,4.12,1.09,92.88,MANUAL,1,16.78,99.85,1,13,-45.6
2025-12-06T17:51:46.473105,37.6192589,-122.3754277,27.75,8.08,3.01,3.58,1.44,93.06,MANUAL,1,16.79,99.85,1,13,-45.6
2025-12-06T17:51:46.673105,37.6192733,-122.3754287,28.34,8.02,2.97,3.89,1.55,93.12,MANUAL,1,16.78,99.84,1,15,-45.5
2025-12-06T17:51:46.873105,37.6192876,-122.3754297,28.94,7.97,3.00,4.14,1.34,93.18,MANUAL,1,16.78,99.84,1,10,-45.5
2025-12-06T17:51:47.073105,37.6193020,-122.3754308,29.56,8.02,3.07,3.64,1.51,93.39,MANUAL,1,16.77,99.84,1,13,-45.4
2025-12-06T17:51:47.273105,37.6193163,-122.3754319,30.16,7.99,2.96,3.72,1.82,93.56,MANUAL,1,16.78,99.83,1,14,-45.5
2025-12-06T17:51:47.473105,37.6193307,-122.3754331,30.76,8.00,3.06,3.90,1.50,93.77,MANUAL,1,16.76,99.83,1,13,-45.5
2025-12-06T17:51:47.673105,37.6193449,-122.3754344,31.40,7.94,3.09,3.99,1.59,93.98,MANUAL,1,16.77,99.82,1,14,-45.6
2025-12-06T17:51:47.873105,37.6193592,-122.3754357,32.03,7.99,2.96,4.25,1.32,94.17,MANUAL,1,16.79,99.82,1,15,-45.7
2025-12-06T17:51:48.073105,37.6193735,-122.3754371,32.63,8.00,3.02,4.32,1.29,94.38,MANUAL,1,16.78,99.82,1,14,-45.8
2025-12-06T17:51:48.273105,37.6193879,-122.3754385,33.26,8.01,3.05,4.42,1.58,94.57,MANUAL,1,16.77,99.81,1,12,-45.8
2025-12-06T17:51:48.473105,37.6194023,-122.3754400,33.87,8.03,3.02,4.77,1.46,94.78,MANUAL,1,16.78,99.81,1,14,-45.7
2025-12-06T17:51:48.673105,37.6194168,-122.3754416,34.48,8.10,2.96,4.71,1.33,94.88,MANUAL,1,16.77,99.80,1,15,-45.7
2025-12-06T17:51:48.873105,37.6194312,-122.3754432,35.08,8.04,2.96,4.08,1.75,95.13,MANUAL,1,16.77,99.80,1,14,-45.6
2025-12-06T17:51:49.073105,37.6194455,-122.3754449,35.69,8.02,3.07,4.66,1.80,95.34,MANUAL,1,16.77,99.80,1,14,-45.4
2025-12-06T17:51:49.273105,37.6194600,-122.3754467,36.31,8.12,3.02,4.33,1.66,95.51,MANUAL,1,16.76,99.79,1,14,-45.3
2025-12-06T17:51:49.473105,37.6194746,-122.3754486,36.87,8.16,2.99,4.47,1.99,95.73,MANUAL,1,16.75,99.79,1,16,-45.3
2025-12-06T17:51:49.673105,37.6194892,-122.3754505,37.48,8.17,3.04,5.04,1.94,95.92,MANUAL,1,16.77,99.78,1,12,-45.3
2025-12-06T17:51:49.873105,37.6195038,-122.3754524,38.06,8.17,2.97,4.87,1.85,96.15,MANUAL,1,16.74,99.78,1,14,-45.3
2025-12-06T17:51:50.073105,37.6195185,-122.3754545,38.67,8.26,3.02,4.83,2.36,96.35,MANUAL,1,16.75,99.78,1,14,-45.4
2025-12-06T17:51:50.273105,37.6195333,-122.3754567,39.30,8.27,2.94,4.42,1.82,96.59,MANUAL,1,16.78,99.77,1,13,-45.4
2025-12-06T17:51:50.473105,37.6195481,-122.3754589,39.88,8.29,2.98,4.74,2.01,96.89,MANUAL,1,16.75,99.77,1,14,-45.3
2025-12-06T17:51:50.673105,37.6195628,-122.3754613,40.46,8.28,3.03,4.93,1.83,97.18,MANUAL,1,16.75,99.76,1,12,-45.2
2025-12-06T17:51:50.873105,37.6195776,-122.3754637,41.12,8.28,3.01,4.73,2.20,97.48,MANUAL,1,16.76,99.76,1,13,-45.1
2025-12-06T17:51:51.073105,37.6195923,-122.3754662,41.72,8.25,2.97,4.95,2.02,97.71,MANUAL,1,16.75,99.76,1,13,-45.0
2025-12-06T17:51:51.273105,37.6196071,-122.3754688,42.33,8.31,3.06,4.85,1.95,97.90,MANUAL,1,16.76,99.75,1,14,-45.1
2025-12-06T17:51:51.473105,37.6196218,-122.3754715,42.95,8.29,3.06,5.68,2.20,98.16,MANUAL,1,16.76,99.75,1,13,-45.2
2025-12-06T17:51:51.673105,37.6196365,-122.3754742,43.53,8.24,2.91,4.51,1.99,98.47,MANUAL,1,16.77,99.74,1,15,-45.2
2025-12-06T17:51:51.873105,37.6196509,-122.3754770,44.10,8.15,2.96,4.49,2.00,98.68,MANUAL,1,16.75,99.74,1,10,-45.2
2025-12-06T17:51:52.073105,37.6196653,-122.3754799,44.70,8.10,3.06,5.45,1.74,98.86,MANUAL,1,16.75,99.74,1,15,-45.1
2025-12-06T17:51:52.273105,37.6196797,-122.3754828,45.29,8.13,2.99,5.02,1.90,99.18,MANUAL,1,16.76,99.73,1,14,-45.3
2025-12-06T17:51:52.473105,37.6196940,-122.3754858,45.92,8.08,3.11,4.62,1.86,99.40,MANUAL,1,16.76,99.73,1,15,-45.3
2025-12-06T17:51:52.673105,37.6197083,-122.3754889,46.55,8.07,3.09,5.01,1.95,99.65,MANUAL,1,16.76,99.72,0,5,-45.3
2025-12-06T17:51:52.873105,37.6197226,-122.3754920,47.12,8.08,3.07,4.76,2.16,99.86,MANUAL,1,16.75,99.72,1,15,-45.3
2025-12-06T17:51:53.073105,37.6197368,-122.3754952,47.72,8.02,3.11,5.35,1.96,100.07,MANUAL,1,16.77,99.72,1,14,-45.4
2025-12-06T17:51:53.273105,37.6197512,-122.3754985,48.35,8.13,3.06,5.21,1.90,100.34,MANUAL,1,16.74,99.71,1,13,-45.3
2025-12-06T17:51:53.473105,37.6197654,-122.3755018,48.96,8.03,3.00,5.02,2.33,100.61,MANUAL,1,16.75,99.71,1,14,-45.3
2025-12-06T17:51:53.673105,37.6197795,-122.3755053,49.57,8.01,2.96,5.35,2.11,100.82,MANUAL,1,16.75,99.70,1,14,-45.4
2025-12-06T17:51:53.873105,37.6197936,-122.3755087,50.17,8.01,3.07,4.40,2.41,101.08,MANUAL,1,16.75,99.70,1,14,-45.5
2025-12-06T17:51:54.073105,37.6198077,-122.3755123,50.81,7.97,3.00,4.85,2.26,101.38,MANUAL,1,16.75,99.70,1,15,-45.4
2025-12-06T17:51:54.273105,37.6198218,-122.3755160,51.41,8.00,2.99,4.76,1.83,101.65,MANUAL,1,16.75,99.69,1,14,-45.4
2025-12-06T17:51:54.473105,37.6198359,-122.3755198,52.01,8.07,3.00,4.36,2.16,101.95,MANUAL,1,16.75,99.69,1,12,-45.4
2025-12-06T17:51:54.673105,37.6198500,-122.3755236,52.63,8.00,2.99,4.93,2.16,102.28,MANUAL,1,16.74,99.68,1,12,-45.5
2025-12-06T17:51:54.873105,37.6198639,-122.3755275,53.20,7.93,2.99,4.71,1.91,102.53,MANUAL,1,16.76,99.68,1,14,-45.5
2025-12-06T17:51:55.073105,37.6198778,-122.3755315,53.77,7.93,2.90,4.74,2.12,102.84,MANUAL,1,16.75,99.68,1,15,-45.5
2025-12-06T17:51:55.273105,37.6198917,-122.3755356,54.41,7.95,3.07,4.75,2.55,103.17,MANUAL,1,16.74,99.67,1,16,-45.4
2025-12-06T17:51:55.473105,37.6199057,-122.3755399,55.03,7.99,2.94,4.51,2.33,103.48,MANUAL,1,16.75,99.67,1,15,-45.3
2025-12-06T17:51:55.673105,37.6199196,-122.3755441,55.59,7.99,2.96,4.80,1.94,103.66,MANUAL,1,16.75,99.66,1,16,-45.2
2025-12-06T17:51:55.873105,37.6199335,-122.3755485,56.18,7.97,3.06,4.41,2.21,103.97,MANUAL,1,16.74,99.66,1,11,-45.1
2025-12-06T17:51:56.073105,37.6199473,-122.3755529,56.79,7.92,3.07,4.50,2.20,104.27,MANUAL,1,16.73,99.66,1,12,-45.1
2025-12-06T17:51:56.273105,37.6199609,-122.3755574,57.42,7.83,3.00,4.48,2.44,104.56,MANUAL,1,16.74,99.65,1,14,-45.2
2025-12-06T17:51:56.473105,37.6199744,-122.3755619,57.99,7.78,2.97,5.05,2.21,104.87,MANUAL,1,16.73,99.65,1,13,-45.1
2025-12-06T17:51:56.673105,37.6199880,-122.3755666,58.58,7.82,3.09,4.05,2.48,105.13,MANUAL,1,16.74,99.64,1,15,-45.1
2025-12-06T17:51:56.873105,37.6200014,-122.3755712,59.16,7.76,3.01,4.85,2.33,105.45,MANUAL,1,16.73,99.64,1,16,-45.0
2025-12-06T17:51:57.073105,37.6200148,-122.3755760,59.72,7.74,2.92,4.53,2.13,105.72,MANUAL,1,16.75,99.64,1,14,-45.0
2025-12-06T17:51:57.273105,37.6200282,-122.3755809,60.33,7.75,3.05,3.95,2.06,106.02,MANUAL,1,16.73,99.63,1,14,-45.0
2025-12-06T17:51:57.473105,37.6200417,-122.3755859,60.94,7.84,3.06,3.81,2.09,106.34,MANUAL,1,16.75,99.63,0,5,-44.8
2025-12-06T17:51:57.673105,37.6200553,-122.3755910,61.52,7.87,3.07,4.39,2.17,106.75,MANUAL,1,16.73,99.62,1,16,-44.8
2025-12-06T17:51:57.873105,37.6200687,-122.3755962,62.16,7.84,3.03,3.55,2.31,106.98,MANUAL,1,16.74,99.62,1,15,-44.9
2025-12-06T17:51:58.073105,37.6200823,-122.3756015,62.74,7.89,2.98,3.32,2.10,107.32,MANUAL,1,16.73,99.62,1,12,-44.8
2025-12-06T17:51:58.273105,37.6200960,-122.3756070,63.35,8.00,3.01,4.18,2.40,107.68,MANUAL,1,16.76,99.61,1,14,-44.7
2025-12-06T17:51:58.473105,37.6201096,-122.3756126,63.95,8.01,2.99,3.96,2.33,107.95,MANUAL,1,16.74,99.61,1,15,-44.6
2025-12-06T17:51:58.673105,37.6201232,-122.3756183,64.51,7.92,3.05,3.12,2.45,108.27,MANUAL,1,16.71,99.60,1,14,-44.7
2025-12-06T17:51:58.873105,37.6201365,-122.3756239,65.14,7.85,3.08,3.66,2.09,108.52,MANUAL,1,16.74,99.60,1,14,-44.7
2025-12-06T17:51:59.073105,37.6201513,-122.3756303,65.75,8.69,3.07,3.25,2.42,108.84,AUTO,1,16.73,99.60,1,12,-44.7
2025-12-06T17:51:59.273105,37.6201674,-122.3756373,66.36,9.48,3.03,3.49,2.33,109.08,AUTO,1,16.73,99.59,1,15,-44.7
2025-12-06T17:51:59.473105,37.6201845,-122.3756449,66.96,10.09,2.99,3.08,2.46,109.32,AUTO,1,16.71,99.59,1,14,-44.4
2025-12-06T17:51:59.673105,37.6202026,-122.3756531,67.58,10.71,3.05,2.94,2.37,109.67,AUTO,1,16.73,99.58,1,14,-44.6
2025-12-06T17:51:59.873105,37.6202215,-122.3756617,68.15,11.17,2.92,3.15,2.43,109.97,AUTO,1,16.71,99.58,1,15,-44.7
2025-12-06T17:52:00.073105,37.6202411,-122.3756709,68.77,11.65,3.00,3.16,2.28,110.31,AUTO,1,16.74,99.58,1,14,-44.5
2025-12-06T17:52:00.273105,37.6202614,-122.3756805,69.38,12.09,2.97,2.90,2.59,110.62,AUTO,1,16.73,99.57,1,16,-44.7
2025-12-06T17:52:00.473105,37.6202823,-122.3756906,70.00,12.41,3.09,2.78,2.34,110.93,AUTO,1,16.73,99.57,1,13,-44.7
2025-12-06T17:52:00.673105,37.6203035,-122.3757011,70.58,12.69,3.02,2.53,2.22,111.31,AUTO,1,16.73,99.56,1,15,-44.7
2025-12-06T17:52:00.873105,37.6203252,-122.3757119,71.19,13.01,3.04,2.72,2.47,111.58,AUTO,1,16.72,99.56,1,12,-44.7
2025-12-06T17:52:01.073105,37.6203473,-122.3757231,71.81,13.24,3.06,2.35,2.25,111.91,AUTO,1,16.73,99.56,1,13,-44.8
2025-12-06T17:52:01.273105,37.6203696,-122.3757346,72.40,13.40,3.02,2.36,2.54,112.21,AUTO,1,16.70,99.55,1,15,-44.8
2025-12-06T17:52:01.473105,37.6203922,-122.3757464,73.05,13.60,3.13,2.78,1.94,112.52,AUTO,1,16.73,99.55,1,14,-44.8
2025-12-06T17:52:01.673105,37.6204149,-122.3757585,73.63,13.70,2.97,2.25,2.21,112.78,AUTO,1,16.71,99.54,1,13,-45.0
2025-12-06T17:52:01.873105,37.6204378,-122.3757707,74.25,13.84,3.01,1.96,2.10,113.01,AUTO,1,16.72,99.54,1,14,-45.1
2025-12-06T17:52:02.073105,37.6204608,-122.3757833,74.85,14.00,3.08,2.02,2.11,113.34,AUTO,1,16.72,99.54,1,14,-44.9
2025-12-06T17:52:02.273105,37.6204842,-122.3757962,75.47,14.18,2.95,1.95,2.61,113.58,AUTO,1,16.74,99.53,1,13,-44.9
2025-12-06T17:52:02.473105,37.6205077,-122.3758093,76.06,14.28,3.00,1.55,2.18,113.89,AUTO,1,16.72,99.53,1,13,-45.0
2025-12-06T17:52:02.673105,37.6205311,-122.3758226,76.68,14.31,3.01,1.93,2.02,114.21,AUTO,1,16.72,99.52,1,12,-44.9
2025-12-06T17:52:02.873105,37.6205547,-122.3758362,77.27,14.45,3.12,1.65,2.46,114.58,AUTO,1,16.71,99.52,1,13,-44.9
2025-12-06T17:52:03.073105,37.6205783,-122.3758500,77.88,14.48,3.05,1.51,2.08,114.86,AUTO,1,16.72,99.52,1,15,-45.1
2025-12-06T17:52:03.273105,37.6206020,-122.3758641,78.46,14.56,3.06,1.28,2.42,115.24,AUTO,1,16.73,99.51,1,11,-45.1
2025-12-06T17:52:03.473105,37.6206257,-122.3758784,79.09,14.62,3.04,0.93,2.21,115.44,AUTO,1,16.72,99.51,1,13,-45.3
2025-12-06T17:52:03.673105,37.6206494,-122.3758928,79.70,14.63,2.97,1.16,2.29,115.77,AUTO,1,16.72,99.50,1,13,-45.2
2025-12-06T17:52:03.873105,37.6206730,-122.3759074,80.30,14.65,3.03,1.23,2.04,116.07,AUTO,1,16.72,99.50,1,14,-45.2
2025-12-06T17:52:04.073105,37.6206966,-122.3759221,80.89,14.66,2.89,1.10,2.30,116.28,AUTO,1,16.70,99.50,1,12,-45.2
2025-12-06T17:52:04.273105,37.6207203,-122.3759370,81.48,14.73,2.98,0.72,2.00,116.52,AUTO,1,16.71,99.49,0,6,-45.3
2025-12-06T17:52:04.473105,37.6207439,-122.3759522,82.09,14.73,3.00,0.94,2.12,116.88,AUTO,1,16.71,99.49,1,13,-45.4
2025-12-06T17:52:04.673105,37.6207675,-122.3759675,82.70,14.78,3.04,0.94,2.00,117.17,AUTO,1,16.73,99.48,1,15,-45.4
2025-12-06T17:52:04.873105,37.6207912,-122.3759830,83.29,14.83,2.96,-0.23,2.25,117.44,AUTO,1,16.71,99.48,1,11,-45.2
2025-12-06T17:52:05.073105,37.6208148,-122.3759986,83.86,14.84,3.01,0.67,2.08,117.67,AUTO,1,16.70,99.48,1,13,-45.3
2025-12-06T17:52:05.273105,37.6208384,-122.3760144,84.48,14.90,3.09,0.01,2.02,117.95,AUTO,1,16.73,99.47,1,13,-45.2
2025-12-06T17:52:05.473105,37.6208620,-122.3760304,85.11,14.87,3.05,-0.13,1.75,118.17,AUTO,1,16.72,99.47,1,14,-45.1
2025-12-06T17:52:05.673105,37.6208856,-122.3760465,85.75,14.94,3.00,-0.51,2.15,118.44,AUTO,1,16.72,99.46,1,14,-45.0
2025-12-06T17:52:05.873105,37.6209091,-122.3760628,86.36,14.95,3.08,-0.61,2.57,118.71,AUTO,1,16.70,99.46,1,11,-45.0
2025-12-06T17:52:06.073105,37.6209326,-122.3760792,86.96,14.94,2.94,-0.17,1.84,118.97,AUTO,1,16.71,99.46,1,14,-45.2
2025-12-06T17:52:06.273105,37.6209562,-122.3760959,87.57,15.03,3.01,-0.22,1.83,119.31,AUTO,1,16.69,99.45,1,13,-45.2
2025-12-06T17:52:06.473105,37.6209797,-122.3761127,88.17,15.02,2.99,-0.67,2.22,119.54,AUTO,1,16.71,99.45,1,13,-45.2
2025-12-06T17:52:06.673105,37.6210031,-122.3761296,88.76,15.01,3.00,-0.62,1.73,119.79,AUTO,1,16.70,99.44,1,14,-45.3
2025-12-06T17:52:06.873105,37.6210265,-122.3761467,89.37,15.08,2.90,-0.77,1.96,120.02,AUTO,1,16.69,99.44,1,14,-45.3
2025-12-06T17:52:07.073105,37.6210500,-122.3761640,89.96,15.13,3.05,-1.03,1.71,120.29,AUTO,1,16.72,99.44,1,13,-45.4
2025-12-06T17:52:07.273105,37.6210733,-122.3761814,90.55,15.05,2.98,-1.08,1.76,120.51,AUTO,1,16.71,99.43,1,13,-45.5
2025-12-06T17:52:07.473105,37.6210964,-122.3761987,91.15,14.98,2.95,-1.27,1.73,120.74,AUTO,1,16.71,99.43,1,14,-45.5
2025-12-06T17:52:07.673105,37.6211193,-122.3762160,91.75,14.83,3.06,-1.90,1.80,120.97,AUTO,1,16.69,99.42,1,14,-45.4
2025-12-06T17:52:07.873105,37.6211420,-122.3762335,92.37,14.80,3.04,-1.36,2.12,121.27,AUTO,1,16.70,99.42,1,13,-45.4
2025-12-06T17:52:08.073105,37.6211648,-122.3762511,92.96,14.87,2.95,-1.56,1.75,121.53,AUTO,1,16.70,99.42,1,12,-45.3
2025-12-06T17:52:08.273105,37.6211874,-122.3762688,93.56,14.80,2.99,-1.09,1.88,121.81,AUTO,1,16.70,99.41,1,14,-45.3
2025-12-06T17:52:08.473105,37.6212099,-122.3762867,94.15,14.82,3.00,-1.48,1.75,122.15,AUTO,1,16.71,99.41,1,14,-45.5
2025-12-06T17:52:08.673105,37.6212325,-122.3763047,94.74,14.87,3.05,-1.71,1.83,122.33,AUTO,1,16.69,99.40,1,14,-45.4
2025-12-06T17:52:08.873105,37.6212551,-122.3763230,95.37,14.96,3.06,-1.73,1.81,122.58,AUTO,1,16.70,99.40,1,13,-45.4
2025-12-06T17:52:09.073105,37.6212778,-122.3763414,95.97,15.02,3.01,-2.03,1.43,122.79,AUTO,1,16.69,99.40,1,15,-45.3
2025-12-06T17:52:09.273105,37.6213005,-122.3763600,96.57,15.04,3.04,-1.93,1.65,123.01,AUTO,1,16.70,99.39,1,12,-45.3
2025-12-06T17:52:09.473105,37.6213231,-122.3763787,97.17,15.04,2.95,-2.18,1.59,123.15,AUTO,1,16.69,99.39,1,15,-45.4
2025-12-06T17:52:09.673105,37.6213457,-122.3763974,97.77,15.05,2.97,-2.08,1.33,123.35,AUTO,1,16.69,99.38,1,12,-45.5
2025-12-06T17:52:09.873105,37.6213683,-122.3764163,98.38,15.11,2.94,-1.99,1.57,123.46,AUTO,1,16.71,99.38,1,13,-45.6
2025-12-06T17:52:10.073105,37.6213910,-122.3764354,98.98,15.14,2.99,-2.28,1.50,123.65,AUTO,1,16.68,99.38,1,15,-45.6
2025-12-06T17:52:10.273105,37.6214135,-122.3764544,99.61,15.10,2.92,-2.79,1.42,123.82,AUTO,1,16.69,99.37,1,13,-45.7
2025-12-06T17:52:10.473105,37.6214360,-122.3764736,100.21,15.12,2.99,-2.74,1.60,124.03,AUTO,1,16.70,99.37,0,5,-45.8
2025-12-06T17:52:10.673105,37.6214584,-122.3764929,100.83,15.09,3.07,-2.67,1.37,124.22,AUTO,1,16.71,99.36,1,14,-45.6
2025-12-06T17:52:10.873105,37.6214808,-122.3765122,101.43,15.07,3.01,-2.32,1.50,124.42,AUTO,1,16.69,99.36,1,14,-45.8
2025-12-06T17:52:11.073105,37.6215031,-122.3765316,102.01,15.09,2.93,-2.56,1.32,124.52,AUTO,1,16.70,99.36,1,14,-45.9
2025-12-06T17:52:11.273105,37.6215254,-122.3765511,102.63,15.08,3.00,-3.65,1.80,124.77,AUTO,1,16.70,99.35,1,15,-45.8
2025-12-06T17:52:11.473105,37.6215475,-122.3765707,103.26,15.07,2.95,-3.63,1.62,125.00,AUTO,1,16.68,99.35,1,12,-45.9
2025-12-06T17:52:11.673105,37.6215697,-122.3765905,103.88,15.12,2.98,-3.18,1.48,125.22,AUTO,1,16.66,99.34,1,12,-45.9
2025-12-06T17:52:11.873105,37.6215919,-122.3766103,104.49,15.12,3.07,-3.60,1.39,125.36,AUTO,1,16.69,99.34,1,13,-46.0
2025-12-06T17:52:12.073105,37.6216140,-122.3766303,105.10,15.13,3.01,-2.53,1.14,125.55,AUTO,1,16.68,99.34,1,15,-46.1
2025-12-06T17:52:12.273105,37.6216360,-122.3766502,105.74,15.05,3.03,-3.62,1.34,125.69,AUTO,1,16.68,99.33,1,12,-46.3
2025-12-06T17:52:12.473105,37.6216580,-122.3766703,106.36,15.12,3.05,-4.04,1.54,125.88,AUTO,1,16.67,99.33,1,15,-46.2
2025-12-06T17:52:12.673105,37.6216799,-122.3766905,106.96,15.11,3.04,-3.72,1.18,126.06,AUTO,1,16.69,99.32,1,13,-46.3
2025-12-06T17:52:12.873105,37.6217018,-122.3767107,107.55,15.09,2.94,-3.49,1.15,126.23,AUTO,1,16.68,99.32,1,14,-46.4
2025-12-06T17:52:13.073105,37.6217236,-122.3767310,108.10,15.09,2.94,-3.82,1.21,126.37,AUTO,1,16.69,99.32,1,14,-46.4
2025-12-06T17:52:13.273105,37.6217452,-122.3767512,108.72,14.98,2.97,-3.64,0.99,126.49,AUTO,1,16.69,99.31,1,15,-46.4
2025-12-06T17:52:13.473105,37.6217668,-122.3767714,109.26,14.92,2.78,-3.99,1.62,126.57,AUTO,1,16.67,99.31,1,15,-46.4
2025-12-06T17:52:13.673105,37.6217883,-122.3767916,109.83,14.94,2.69,-4.12,1.18,126.69,AUTO,1,16.68,99.30,1,14,-46.3
2025-12-06T17:52:13.873105,37.6218097,-122.3768119,110.36,14.91,2.51,-3.97,1.09,126.82,AUTO,1,16.66,99.30,1,14,-46.2
2025-12-06T17:52:14.073105,37.6218312,-122.3768322,110.83,14.95,2.39,-4.29,0.59,126.91,AUTO,1,16.68,99.30,1,14,-46.0
2025-12-06T17:52:14.273105,37.6218527,-122.3768527,111.28,14.94,2.22,-4.38,1.22,127.04,AUTO,1,16.68,99.29,1,14,-46.0
2025-12-06T17:52:14.473105,37.6218742,-122.3768733,111.73,15.05,2.17,-4.44,0.85,127.21,AUTO,1,16.69,99.29,1,15,-46.2
2025-12-06T17:52:14.673105,37.6218957,-122.3768940,112.16,15.07,2.07,-4.17,0.52,127.36,AUTO,1,16.66,99.28,1,15,-46.2
2025-12-06T17:52:14.873105,37.6219171,-122.3769147,112.56,15.01,1.99,-3.99,0.73,127.40,AUTO,1,16.67,99.28,1,13,-46.2
2025-12-06T17:52:15.073105,37.6219386,-122.3769355,112.93,15.05,1.89,-4.49,0.87,127.44,AUTO,1,16.66,99.28,1,14,-46.1
2025-12-06T17:52:15.273105,37.6219599,-122.3769562,113.29,14.99,1.74,-4.65,0.86,127.59,AUTO,1,16.69,99.27,1,13,-46.2
2025-12-06T17:52:15.473105,37.6219813,-122.3769771,113.61,15.04,1.66,-4.41,0.83,127.76,AUTO,1,16.67,99.27,1,14,-46.1
2025-12-06T17:52:15.673105,37.6220026,-122.3769980,113.95,14.99,1.61,-4.71,0.84,127.83,AUTO,1,16.67,99.26,1,15,-46.1
2025-12-06T17:52:15.873105,37.6220239,-122.3770189,114.24,15.03,1.46,-4.40,0.88,127.84,AUTO,1,16.67,99.26,1,13,-45.9
2025-12-06T17:52:16.073105,37.6220451,-122.3770397,114.52,14.96,1.51,-4.94,0.27,127.91,AUTO,1,16.67,99.26,1,14,-45.9
2025-12-06T17:52:16.273105,37.6220663,-122.3770607,114.80,14.98,1.38,-4.53,0.57,128.05,AUTO,1,16.68,99.25,1,14,-45.9
2025-12-06T17:52:16.473105,37.6220875,-122.3770817,115.07,15.00,1.28,-4.88,0.22,128.12,AUTO,1,16.67,99.25,1,15,-45.9
2025-12-06T17:52:16.673105,37.6221086,-122.3771026,115.34,14.96,1.21,-4.61,0.36,128.19,AUTO,1,16.67,99.24,1,15,-45.8
2025-12-06T17:52:16.873105,37.6221297,-122.3771237,115.57,14.95,1.20,-4.87,0.14,128.28,AUTO,1,16.68,99.24,1,14,-45.9
2025-12-06T17:52:17.073105,37.6221508,-122.3771447,115.80,14.95,1.12,-4.94,0.85,128.36,AUTO,1,16.68,99.24,1,15,-45.8
2025-12-06T17:52:17.273105,37.6221719,-122.3771659,116.02,15.04,1.09,-4.88,0.43,128.44,AUTO,1,16.67,99.23,1,11,-45.7
2025-12-06T17:52:17.473105,37.6221930,-122.3771871,116.23,14.96,1.03,-4.69,0.13,128.57,AUTO,1,16.68,99.23,1,14,-45.8
2025-12-06T17:52:17.673105,37.6222140,-122.3772083,116.40,15.01,0.94,-4.58,0.28,128.51,AUTO,1,16.67,99.22,1,14,-45.8
2025-12-06T17:52:17.873105,37.6222352,-122.3772295,116.59,15.04,0.94,-5.15,0.36,128.50,AUTO,1,16.67,99.22,1,13,-45.9
2025-12-06T17:52:18.073105,37.6222563,-122.3772507,116.75,15.02,0.87,-5.24,0.49,128.48,AUTO,1,16.67,99.22,1,14,-45.8
2025-12-06T17:52:18.273105,37.6222775,-122.3772719,116.89,15.04,0.75,-5.04,0.23,128.47,AUTO,1,16.66,99.21,1,14,-45.8
2025-12-06T17:52:18.473105,37.6222987,-122.3772932,117.02,15.06,0.74,-5.18,0.23,128.45,AUTO,1,16.66,99.21,1,14,-45.8
2025-12-06T17:52:18.673105,37.6223197,-122.3773143,117.18,14.94,0.79,-4.92,0.17,128.49,AUTO,1,16.67,99.20,1,13,-45.7
2025-12-06T17:52:18.873105,37.6223409,-122.3773355,117.34,15.07,0.76,-5.32,0.06,128.48,AUTO,1,16.67,99.20,1,13,-45.6
2025-12-06T17:52:19.073105,37.6223621,-122.3773569,117.47,15.10,0.58,-4.91,0.14,128.56,AUTO,1,16.68,99.20,1,15,-45.5
2025-12-06T17:52:19.273105,37.6223833,-122.3773782,117.59,15.09,0.59,-4.64,-0.09,128.53,AUTO,1,16.66,99.19,1,14,-45.5
2025-12-06T17:52:19.473105,37.6224045,-122.3773995,117.70,15.06,0.53,-4.43,0.06,128.44,AUTO,1,16.67,99.19,1,14,-45.3
2025-12-06T17:52:19.673105,37.6224257,-122.3774207,117.83,15.09,0.60,-4.65,-0.10,128.44,AUTO,1,16.67,99.18,1,14,-45.3
2025-12-06T17:52:19.873105,37.6224469,-122.3774420,117.95,15.06,0.55,-4.66,0.09,128.46,AUTO,1,16.67,99.18,1,12,-45.3
2025-12-06T17:52:20.073105,37.6224681,-122.3774632,118.05,15.06,0.54,-4.68,0.04,128.44,AUTO,1,16.64,99.18,1,14,-45.3
2025-12-06T17:52:20.273105,37.6224893,-122.3774845,118.16,15.08,0.45,-5.06,-0.16,128.46,AUTO,1,16.65,99.17,1,13,-45.5
2025-12-06T17:52:20.473105,37.6225105,-122.3775057,118.23,15.07,0.41,-4.77,0.02,128.42,AUTO,1,16.66,99.17,1,15,-45.4
2025-12-06T17:52:20.673105,37.6225317,-122.3775269,118.33,15.02,0.42,-4.59,0.13,128.43,AUTO,1,16.65,99.16,1,14,-45.4
2025-12-06T17:52:20.873105,37.6225529,-122.3775482,118.37,15.09,0.33,-5.03,-0.30,128.36,AUTO,1,16.66,99.16,1,13,-45.5
2025-12-06T17:52:21.073105,37.6225742,-122.3775694,118.46,15.08,0.48,-4.86,-0.46,128.35,AUTO,1,16.65,99.16,1,14,-45.4
2025-12-06T17:52:21.273105,37.6225954,-122.3775906,118.50,15.08,0.30,-4.40,-0.24,128.32,AUTO,1,16.65,99.15,1,13,-45.4
2025-12-06T17:52:21.473105,37.6226166,-122.3776117,118.59,15.03,0.47,-4.80,-0.26,128.24,AUTO,1,16.65,99.15,1,11,-45.3
2025-12-06T17:52:21.673105,37.6226379,-122.3776328,118.67,15.08,0.32,-4.78,-0.17,128.21,AUTO,1,16.66,99.14,1,14,-45.4
2025-12-06T17:52:21.873105,37.6226591,-122.3776539,118.71,15.03,0.35,-5.19,-0.41,128.17,AUTO,1,16.66,99.14,1,15,-45.5
2025-12-06T17:52:22.073105,37.6226802,-122.3776749,118.76,14.94,0.33,-4.74,-0.19,128.16,AUTO,1,16.68,99.14,1,13,-45.4
2025-12-06T17:52:22.273105,37.6227013,-122.3776957,118.79,14.90,0.27,-4.32,-0.37,128.05,AUTO,1,16.66,99.13,1,12,-45.5
2025-12-06T17:52:22.473105,37.6227224,-122.3777164,118.85,14.89,0.32,-4.77,-0.06,127.91,AUTO,1,16.66,99.13,1,12,-45.4
2025-12-06T17:52:22.673105,37.6227436,-122.3777372,118.91,14.92,0.26,-4.44,-0.82,127.80,AUTO,1,16.65,99.12,1,14,-45.7
2025-12-06T17:52:22.873105,37.6227648,-122.3777578,118.95,14.89,0.27,-4.58,-0.54,127.71,AUTO,1,16.64,99.12,1,16,-45.6
2025-12-06T17:52:23.073105,37.6227859,-122.3777783,118.99,14.83,0.25,-4.57,-0.80,127.51,AUTO,1,16.63,99.12,1,15,-45.5
2025-12-06T17:52:23.273105,37.6228069,-122.3777986,119.03,14.74,0.24,-4.80,-0.53,127.39,AUTO,1,16.66,99.11,1,14,-45.4
2025-12-06T17:52:23.473105,37.6228281,-122.3778190,119.12,14.81,0.22,-3.33,-0.78,127.32,AUTO,1,16.64,99.11,1,14,-45.5
2025-12-06T17:52:23.673105,37.6228494,-122.3778394,119.24,14.87,0.36,-4.13,-0.81,127.26,AUTO,1,16.65,99.10,1,14,-45.6
2025-12-06T17:52:23.873105,37.6228707,-122.3778598,119.26,14.87,0.08,-3.69,-1.18,127.16,AUTO,1,16.64,99.10,1,13,-45.5
2025-12-06T17:52:24.073105,37.6228921,-122.3778802,119.28,14.94,0.17,-4.03,-0.55,126.98,AUTO,1,16.65,99.10,1,13,-45.7
2025-12-06T17:52:24.273105,37.6229136,-122.3779005,119.26,14.96,0.08,-3.89,-0.76,126.83,AUTO,1,16.63,99.09,1,11,-45.5
2025-12-06T17:52:24.473105,37.6229352,-122.3779208,119.31,14.96,0.24,-3.96,-0.83,126.74,AUTO,1,16.65,99.09,1,13,-45.4
2025-12-06T17:52:24.673105,37.6229567,-122.3779410,119.28,14.92,0.14,-3.46,-1.19,126.62,AUTO,1,16.66,99.08,1,14,-45.4
2025-12-06T17:52:24.873105,37.6229784,-122.3779612,119.32,15.02,0.24,-4.28,-1.28,126.43,AUTO,1,16.67,99.08,1,16,-45.3
2025-12-06T17:52:25.073105,37.6230002,-122.3779814,119.37,15.05,0.17,-3.52,-0.86,126.26,AUTO,1,16.64,99.08,1,14,-45.2
2025-12-06T17:52:25.273105,37.6230221,-122.3780016,119.44,15.09,0.15,-3.82,-0.62,126.11,AUTO,1,16.65,99.07,1,14,-45.4
2025-12-06T17:52:25.473105,37.6230440,-122.3780218,119.48,15.08,0.24,-3.35,-0.89,126.11,AUTO,1,16.64,99.07,1,15,-45.2
2025-12-06T17:52:25.673105,37.6230660,-122.3780419,119.50,15.10,0.08,-3.75,-1.40,125.96,AUTO,1,16.64,99.06,1,13,-45.1
2025-12-06T17:52:25.873105,37.6230879,-122.3780619,119.50,15.08,0.05,-3.10,-1.11,125.79,AUTO,1,16.66,99.06,1,14,-45.2
2025-12-06T17:52:26.073105,37.6231100,-122.3780819,119.55,15.09,0.11,-3.22,-1.14,125.68,AUTO,1,16.65,99.06,1,14,-45.2
2025-12-06T17:52:26.273105,37.6231320,-122.3781017,119.57,15.08,0.09,-3.48,-1.04,125.49,AUTO,1,16.63,99.05,1,13,-45.2
2025-12-06T17:52:26.473105,37.6231541,-122.3781215,119.60,15.08,0.01,-3.40,-0.78,125.38,AUTO,1,16.63,99.05,1,14,-45.2
2025-12-06T17:52:26.673105,37.6231763,-122.3781412,119.65,15.09,0.10,-2.37,-0.89,125.15,AUTO,1,16.65,99.04,1,12,-45.1
2025-12-06T17:52:26.873105,37.6231985,-122.3781609,119.68,15.13,0.11,-3.30,-1.51,125.00,AUTO,1,16.65,99.04,1,14,-45.1
2025-12-06T17:52:27.073105,37.6232209,-122.3781806,119.70,15.19,0.01,-3.00,-0.97,124.83,AUTO,1,16.65,99.04,1,14,-45.1
2025-12-06T17:52:27.273105,37.6232435,-122.3782002,119.74,15.25,0.05,-2.71,-1.02,124.63,AUTO,1,16.64,99.03,1,14,-45.1
2025-12-06T17:52:27.473105,37.6232661,-122.3782199,119.79,15.29,0.18,-2.58,-0.75,124.51,AUTO,1,16.64,99.03,1,13,-44.9
2025-12-06T17:52:27.673105,37.6232888,-122.3782394,119.80,15.26,-0.00,-1.94,-1.01,124.25,AUTO,1,16.63,99.02,1,13,-44.9
2025-12-06T17:52:27.873105,37.6233114,-122.3782587,119.80,15.20,0.04,-2.36,-1.11,124.07,AUTO,1,16.63,99.02,1,13,-45.0
2025-12-06T17:52:28.073105,37.6233340,-122.3782779,119.80,15.16,0.08,-2.66,-1.51,123.89,AUTO,1,16.61,99.02,1,16,-45.2
2025-12-06T17:52:28.273105,37.6233567,-122.3782969,119.83,15.19,0.15,-2.33,-1.56,123.64,AUTO,1,16.63,99.01,1,14,-45.2
2025-12-06T17:52:28.473105,37.6233794,-122.3783159,119.81,15.16,-0.00,-2.33,-1.47,123.53,AUTO,1,16.62,99.01,1,13,-45.3
2025-12-06T17:52:28.673105,37.6234022,-122.3783348,119.84,15.19,0.08,-2.21,-1.50,123.27,AUTO,1,16.64,99.00,1,11,-45.3
2025-12-06T17:52:28.873105,37.6234253,-122.3783537,119.86,15.28,-0.06,-2.30,-1.84,122.99,AUTO,1,16.63,99.00,1,12,-45.3
2025-12-06T17:52:29.073105,37.6234483,-122.3783724,119.89,15.21,0.09,-1.74,-1.50,122.70,AUTO,1,16.63,99.00,1,15,-45.3
2025-12-06T17:52:29.273105,37.6234712,-122.3783908,119.89,15.12,0.02,-1.39,-1.50,122.46,AUTO,1,16.63,98.99,1,14,-45.3
2025-12-06T17:52:29.473105,37.6234941,-122.3784091,119.95,15.11,0.10,-1.99,-1.21,122.29,AUTO,1,16.62,98.99,1,12,-45.4
2025-12-06T17:52:29.673105,37.6235172,-122.3784273,119.97,15.13,0.06,-1.70,-1.52,122.06,AUTO,1,16.62,98.98,1,14,-45.3
2025-12-06T17:52:29.873105,37.6235402,-122.3784454,119.95,15.11,0.04,-1.16,-1.20,121.86,AUTO,1,16.62,98.98,1,13,-45.2
2025-12-06T17:52:30.073105,37.6235632,-122.3784632,119.98,15.02,0.09,-0.81,-1.38,121.59,AUTO,1,16.63,98.98,1,13,-45.3
2025-12-06T17:52:30.273105,37.6235863,-122.3784810,119.96,15.02,-0.06,-1.24,-1.55,121.40,AUTO,1,16.64,98.97,1,13,-45.3
2025-12-06T17:52:30.473105,37.6236094,-122.3784986,119.95,15.02,-0.06,-0.68,-1.37,121.12,AUTO,1,16.63,98.97,1,12,-45.2
2025-12-06T17:52:30.673105,37.6236324,-122.3785160,119.92,14.93,-0.00,-0.30,-1.67,120.86,AUTO,1,16.63,98.96,1,10,-45.2
2025-12-06T17:52:30.873105,37.6236556,-122.3785333,119.93,14.98,0.00,-0.93,-1.39,120.61,AUTO,1,16.62,98.96,1,16,-45.3
2025-12-06T17:52:31.073105,37.6236787,-122.3785504,119.99,14.96,0.05,-0.69,-2.04,120.36,AUTO,1,16.63,98.96,1,15,-45.3
2025-12-06T17:52:31.273105,37.6237020,-122.3785675,119.99,14.96,0.09,-0.79,-1.77,120.18,AUTO,1,16.62,98.95,0,6,-45.4
2025-12-06T17:52:31.473105,37.6237253,-122.3785844,119.97,14.96,-0.03,-0.15,-1.21,119.89,AUTO,1,16.64,98.95,1,14,-45.4
2025-12-06T17:52:31.673105,37.6237487,-122.3786013,120.03,15.02,0.12,0.02,-1.66,119.70,AUTO,1,16.63,98.94,1,15,-45.5
2025-12-06T17:52:31.873105,37.6237722,-122.3786180,120.04,15.03,-0.10,-0.27,-1.30,119.39,AUTO,1,16.62,98.94,1,15,-45.3
2025-12-06T17:52:32.073105,37.6237957,-122.3786345,120.03,14.95,0.01,0.03,-1.65,119.03,AUTO,1,16.62,98.94,1,13,-45.4
2025-12-06T17:52:32.273105,37.6238192,-122.3786508,120.00,14.93,-0.03,-0.02,-1.84,118.77,AUTO,1,16.63,98.93,1,13,-45.4
2025-12-06T17:52:32.473105,37.6238429,-122.3786670,120.03,15.02,0.05,-0.24,-1.66,118.55,AUTO,1,16.64,98.93,1,13,-45.3
2025-12-06T17:52:32.673105,37.6238666,-122.3786831,120.02,14.96,0.06,0.15,-1.97,118.32,AUTO,1,16.63,98.92,1,13,-45.3
2025-12-06T17:52:32.873105,37.6238904,-122.3786992,120.04,15.05,-0.02,0.47,-1.47,118.02,AUTO,1,16.60,98.92,1,14,-45.4
2025-12-06T17:52:33.073105,37.6239142,-122.3787150,120.02,14.97,-0.04,0.68,-1.75,117.75,AUTO,1,16.61,98.92,1,12,-45.6
2025-12-06T17:52:33.273105,37.6239383,-122.3787307,120.02,15.06,-0.05,0.41,-2.13,117.39,AUTO,1,16.61,98.91,1,16,-45.4
2025-12-06T17:52:33.473105,37.6239623,-122.3787462,120.02,15.03,0.04,0.71,-1.89,117.06,AUTO,1,16.61,98.91,1,14,-45.5
2025-12-06T17:52:33.673105,37.6239864,-122.3787616,120.04,15.02,0.11,0.80,-1.80,116.83,AUTO,1,16.62,98.90,1,12,-45.5
2025-12-06T17:52:33.873105,37.6240106,-122.3787769,120.02,15.06,-0.04,0.49,-1.96,116.55,AUTO,1,16.62,98.90,0,4,-45.7
2025-12-06T17:52:34.073105,37.6240349,-122.3787920,120.02,15.08,-0.03,1.46,-1.58,116.22,AUTO,1,16.64,98.90,1,12,-45.7
2025-12-06T17:52:34.273105,37.6240592,-122.3788069,120.02,15.03,0.11,1.24,-1.84,115.97,AUTO,1,16.62,98.89,1,14,-45.7
2025-12-06T17:52:34.473105,37.6240834,-122.3788216,120.01,14.97,-0.02,1.49,-1.84,115.73,AUTO,1,16.63,98.89,1,15,-45.7
2025-12-06T17:52:34.673105,37.6241078,-122.3788362,119.98,15.00,-0.01,0.70,-2.29,115.39,AUTO,1,16.60,98.88,1,14,-45.6
2025-12-06T17:52:34.873105,37.6241322,-122.3788506,120.00,14.99,0.09,1.59,-1.86,115.04,AUTO,1,16.62,98.88,1,15,-45.4
2025-12-06T17:52:35.073105,37.6241566,-122.3788649,119.99,14.97,-0.03,2.48,-2.05,114.86,AUTO,1,16.60,98.88,1,14,-45.4
2025-12-06T17:52:35.273105,37.6241810,-122.3788790,119.97,14.96,0.01,1.57,-1.97,114.50,AUTO,1,16.60,98.87,1,15,-45.3
2025-12-06T17:52:35.473105,37.6242056,-122.3788929,120.02,15.00,0.07,1.56,-1.80,114.24,AUTO,1,16.61,98.87,1,14,-45.3
2025-12-06T17:52:35.673105,37.6242303,-122.3789068,120.03,15.02,-0.03,2.24,-1.93,113.95,AUTO,1,16.62,98.86,1,13,-45.2
2025-12-06T17:52:35.873105,37.6242549,-122.3789204,120.00,14.96,-0.03,1.92,-1.92,113.66,AUTO,1,16.61,98.86,1,15,-45.3
2025-12-06T17:52:36.073105,37.6242796,-122.3789338,120.01,14.99,0.03,2.22,-2.06,113.31,AUTO,1,16.60,98.86,1,13,-45.4
2025-12-06T17:52:36.273105,37.6243043,-122.3789471,119.99,14.94,0.01,1.98,-1.98,112.97,AUTO,1,16.60,98.85,1,14,-45.4
2025-12-06T17:52:36.473105,37.6243292,-122.3789602,119.97,15.01,0.04,2.66,-2.24,112.73,AUTO,1,16.61,98.85,1,13,-45.4
2025-12-06T17:52:36.673105,37.6243540,-122.3789732,119.96,14.97,-0.01,2.95,-1.97,112.52,AUTO,1,16.60,98.84,1,15,-45.3
2025-12-06T17:52:36.873105,37.6243789,-122.3789861,119.94,14.97,0.04,2.62,-2.18,112.24,AUTO,1,16.60,98.84,1,14,-45.4
2025-12-06T17:52:37.073105,37.6244040,-122.3789988,119.96,15.06,0.07,2.81,-2.10,111.90,AUTO,1,16.61,98.84,1,14,-45.3
2025-12-06T17:52:37.273105,37.6244292,-122.3790114,119.95,15.05,-0.00,3.12,-1.92,111.58,AUTO,1,16.59,98.83,1,14,-45.2
2025-12-06T17:52:37.473105,37.6244544,-122.3790238,119.95,15.06,0.01,2.58,-1.91,111.26,AUTO,1,16.61,98.83,1,12,-45.2
2025-12-06T17:52:37.673105,37.6244797,-122.3790360,119.98,15.05,0.14,3.43,-1.79,110.92,AUTO,1,16.61,98.82,1,15,-45.2
2025-12-06T17:52:37.873105,37.6245050,-122.3790480,119.94,15.04,-0.07,2.96,-1.91,110.64,AUTO,1,16.58,98.82,1,13,-45.0
2025-12-06T17:52:38.073105,37.6245302,-122.3790598,119.93,14.97,0.00,3.10,-1.96,110.35,AUTO,1,16.59,98.82,1,14,-45.0
2025-12-06T17:52:38.273105,37.6245555,-122.3790715,119.93,14.99,0.05,3.90,-1.91,110.02,AUTO,1,16.59,98.81,1,15,-45.2
2025-12-06T17:52:38.473105,37.6245808,-122.3790829,119.98,14.98,0.03,3.36,-2.00,109.70,AUTO,1,16.58,98.81,1,13,-45.1
2025-12-06T17:52:38.673105,37.6246062,-122.3790942,120.02,14.99,0.05,3.99,-1.69,109.41,AUTO,1,16.60,98.80,1,14,-45.0
2025-12-06T17:52:38.873105,37.6246316,-122.3791053,120.00,14.97,-0.04,3.50,-1.99,109.14,AUTO,1,16.61,98.80,1,13,-44.9
2025-12-06T17:52:39.073105,37.6246571,-122.3791163,120.01,14.97,-0.04,3.52,-2.33,108.88,AUTO,1,16.60,98.80,1,15,-45.0
2025-12-06T17:52:39.273105,37.6246827,-122.3791272,120.03,15.05,-0.00,3.91,-2.38,108.51,AUTO,1,16.59,98.79,1,14,-45.1
2025-12-06T17:52:39.473105,37.6247085,-122.3791378,120.01,15.08,0.02,3.87,-1.94,108.19,AUTO,1,16.59,98.79,1,14,-45.0
2025-12-06T17:52:39.673105,37.6247343,-122.3791484,120.02,15.10,0.01,3.86,-2.27,107.96,AUTO,1,16.59,98.78,1,13,-45.1
2025-12-06T17:52:39.873105,37.6247601,-122.3791588,120.01,15.10,0.01,4.81,-2.13,107.72,AUTO,1,16.60,98.78,1,13,-45.1
2025-12-06T17:52:40.073105,37.6247862,-122.3791692,120.03,15.20,0.07,3.62,-2.19,107.44,AUTO,1,16.59,98.78,1,13,-45.2
2025-12-06T17:52:40.273105,37.6248123,-122.3791793,120.02,15.20,0.05,3.20,-2.27,107.10,AUTO,1,16.60,98.77,1,14,-45.4
2025-12-06T17:52:40.473105,37.6248386,-122.3791893,119.99,15.32,-0.01,4.17,-1.83,106.75,AUTO,1,16.58,98.77,1,15,-45.4
2025-12-06T17:52:40.673105,37.6248648,-122.3791991,120.02,15.20,0.02,4.35,-1.83,106.48,AUTO,1,16.57,98.76,1,14,-45.4
2025-12-06T17:52:40.873105,37.6248911,-122.3792087,120.08,15.26,0.13,4.55,-1.74,106.16,AUTO,1,16.60,98.76,1,16,-45.4
2025-12-06T17:52:41.073105,37.6249175,-122.3792182,120.09,15.27,-0.03,4.25,-1.92,105.82,AUTO,1,16.59,98.76,1,14,-45.3
2025-12-06T17:52:41.273105,37.6249439,-122.3792274,120.05,15.21,-0.07,4.47,-1.92,105.58,AUTO,1,16.58,98.75,1,14,-45.3
2025-12-06T17:52:41.473105,37.6249703,-122.3792365,120.04,15.24,-0.00,4.59,-2.10,105.28,AUTO,1,16.60,98.75,1,14,-45.3
2025-12-06T17:52:41.673105,37.6249968,-122.3792455,120.04,15.26,-0.04,4.65,-1.77,104.99,AUTO,1,16.59,98.74,1,13,-45.4
2025-12-06T17:52:41.873105,37.6250232,-122.3792542,119.99,15.23,-0.13,4.88,-1.75,104.59,AUTO,1,16.60,98.74,1,16,-45.4
2025-12-06T17:52:42.073105,37.6250497,-122.3792627,119.98,15.18,0.04,4.89,-1.58,104.22,AUTO,1,16.58,98.74,1,15,-45.6
2025-12-06T17:52:42.273105,37.6250760,-122.3792710,119.97,15.13,-0.00,4.33,-1.59,104.02,AUTO,1,16.59,98.73,1,14,-45.8
2025-12-06T17:52:42.473105,37.6251024,-122.3792791,119.99,15.08,-0.06,4.68,-1.58,103.74,AUTO,1,16.58,98.73,1,12,-45.8
2025-12-06T17:52:42.673105,37.6251286,-122.3792870,120.00,15.04,0.04,4.62,-2.00,103.41,AUTO,1,16.59,98.72,1,12,-45.8
2025-12-06T17:52:42.873105,37.6251549,-122.3792947,120.02,15.00,-0.03,4.88,-1.94,103.15,AUTO,1,16.58,98.72,1,14,-45.8
2025-12-06T17:52:43.073105,37.6251811,-122.3793023,120.00,14.96,0.01,4.85,-1.43,102.89,AUTO,1,16.58,98.72,1,13,-45.8
2025-12-06T17:52:43.273105,37.6252071,-122.3793097,120.04,14.86,0.09,4.90,-2.05,102.64,AUTO,1,16.57,98.71,1,12,-45.8
2025-12-06T17:52:43.473105,37.6252332,-122.3793169,120.01,14.84,-0.06,4.69,-2.04,102.42,AUTO,1,16.59,98.71,1,16,-45.7
2025-12-06T17:52:43.673105,37.6252594,-122.3793240,120.03,14.92,0.05,5.15,-2.01,102.10,AUTO,1,16.57,98.70,1,12,-45.6
2025-12-06T17:52:43.873105,37.6252855,-122.3793309,120.02,14.88,0.04,5.05,-2.06,101.84,AUTO,1,16.59,98.70,1,14,-45.6
2025-12-06T17:52:44.073105,37.6253116,-122.3793377,120.00,14.78,-0.09,4.51,-1.96,101.54,AUTO,1,16.58,98.70,1,12,-45.5
2025-12-06T17:52:44.273105,37.6253377,-122.3793442,120.02,14.82,-0.00,4.40,-1.90,101.29,AUTO,1,16.58,98.69,1,15,-45.6
2025-12-06T17:52:44.473105,37.6253638,-122.3793507,120.06,14.82,0.03,5.01,-1.92,101.04,AUTO,1,16.58,98.69,1,11,-45.5
2025-12-06T17:52:44.673105,37.6253900,-122.3793569,120.05,14.83,-0.01,5.07,-1.41,100.71,AUTO,1,16.59,98.68,1,13,-45.4
2025-12-06T17:52:44.873105,37.6254162,-122.3793631,120.10,14.84,-0.01,4.95,-2.05,100.49,AUTO,1,16.55,98.68,0,5,-45.5
2025-12-06T17:52:45.073105,37.6254423,-122.3793690,120.09,14.78,0.05,5.15,-1.86,100.29,AUTO,1,16.58,98.68,1,15,-45.7
2025-12-06T17:52:45.273105,37.6254687,-122.3793749,120.12,14.90,0.04,5.52,-1.78,99.94,AUTO,1,16.58,98.67,1,13,-45.8
2025-12-06T17:52:45.473105,37.6254952,-122.3793805,120.12,14.94,-0.07,4.71,-1.41,99.63,AUTO,1,16.57,98.67,1,15,-45.6
2025-12-06T17:52:45.673105,37.6255216,-122.3793861,120.14,14.90,-0.03,5.37,-1.73,99.38,AUTO,1,16.59,98.66,1,14,-45.6
2025-12-06T17:52:45.873105,37.6255480,-122.3793914,120.15,14.88,0.02,4.79,-1.41,99.08,AUTO,1,16.58,98.66,1,11,-45.8
2025-12-06T17:52:46.073105,37.6255744,-122.3793966,120.13,14.86,-0.06,5.14,-1.55,98.86,AUTO,1,16.56,98.66,1,13,-45.9
2025-12-06T17:52:46.273105,37.6256008,-122.3794016,120.13,14.91,0.05,4.71,-1.78,98.57,AUTO,1,16.59,98.65,1,15,-45.8
2025-12-06T17:52:46.473105,37.6256274,-122.3794065,120.09,14.95,-0.02,4.91,-1.74,98.37,AUTO,1,16.56,98.65,1,14,-45.9
2025-12-06T17:52:46.673105,37.6256539,-122.3794113,120.10,14.92,-0.01,4.82,-1.75,98.13,AUTO,1,16.57,98.64,1,13,-45.9
2025-12-06T17:52:46.873105,37.6256806,-122.3794160,120.10,14.99,-0.07,4.44,-1.39,97.89,AUTO,1,16.57,98.64,1,13,-45.9
2025-12-06T17:52:47.073105,37.6257066,-122.3794205,119.49,14.61,-2.96,4.74,-2.04,97.71,RTL,1,16.57,98.64,1,13,-45.9
2025-12-06T17:52:47.273105,37.6257322,-122.3794247,118.90,14.34,-3.03,4.80,-2.00,97.47,RTL,1,16.56,98.63,1,14,-45.7
2025-12-06T17:52:47.473105,37.6257572,-122.3794287,118.32,14.02,-2.98,5.25,-2.11,97.28,RTL,1,16.56,98.63,1,15,-45.6
2025-12-06T17:52:47.673105,37.6257817,-122.3794325,117.71,13.78,-3.05,5.27,-1.49,97.01,RTL,1,16.57,98.62,1,11,-45.7
2025-12-06T17:52:47.873105,37.6258060,-122.3794361,117.11,13.61,-3.06,4.80,-1.74,96.72,RTL,1,16.57,98.62,1,16,-45.7
2025-12-06T17:52:48.073105,37.6258300,-122.3794396,116.55,13.43,-2.95,5.01,-1.82,96.47,RTL,1,16.57,98.62,1,14,-45.8
2025-12-06T17:52:48.273105,37.6258538,-122.3794428,115.96,13.35,-2.91,5.27,-1.75,96.15,RTL,1,16.58,98.61,1,13,-45.8
2025-12-06T17:52:48.473105,37.6258775,-122.3794459,115.38,13.23,-2.98,4.74,-1.80,95.95,RTL,1,16.56,98.61,1,13,-45.9
2025-12-06T17:52:48.673105,37.6259009,-122.3794489,114.80,13.09,-2.98,4.15,-1.68,95.76,RTL,1,16.56,98.60,1,13,-45.7
2025-12-06T17:52:48.873105,37.6259242,-122.3794518,114.21,13.02,-2.96,4.90,-1.42,95.54,RTL,1,16.56,98.60,1,12,-45.6
2025-12-06T17:52:49.073105,37.6259474,-122.3794544,113.65,12.97,-3.01,4.62,-1.39,95.16,RTL,1,16.57,98.60,1,15,-45.6
2025-12-06T17:52:49.273105,37.6259705,-122.3794569,113.03,12.90,-2.98,5.32,-1.77,94.87,RTL,1,16.57,98.59,1,16,-45.6
2025-12-06T17:52:49.473105,37.6259934,-122.3794592,112.39,12.78,-3.05,4.76,-1.62,94.65,RTL,1,16.55,98.59,1,13,-45.6
2025-12-06T17:52:49.673105,37.6260160,-122.3794615,111.80,12.66,-2.97,4.46,-1.84,94.43,RTL,1,16.55,98.58,1,16,-45.4
2025-12-06T17:52:49.873105,37.6260385,-122.3794636,111.21,12.55,-2.97,4.24,-1.69,94.23,RTL,1,16.57,98.58,1,13,-45.4
2025-12-06T17:52:50.073105,37.6260610,-122.3794656,110.59,12.54,-3.00,3.82,-1.63,94.05,RTL,1,16.57,98.58,1,13,-45.6
2025-12-06T17:52:50.273105,37.6260832,-122.3794674,110.03,12.40,-2.93,4.23,-1.34,93.76,RTL,1,16.56,98.57,1,13,-45.6
2025-12-06T17:52:50.473105,37.6261053,-122.3794691,109.42,12.31,-3.02,3.75,-1.50,93.49,RTL,1,16.57,98.57,1,14,-45.5
2025-12-06T17:52:50.673105,37.6261273,-122.3794707,108.77,12.26,-3.05,4.22,-1.03,93.35,RTL,1,16.56,98.56,1,11,-45.5
2025-12-06T17:52:50.873105,37.6261492,-122.3794723,108.10,12.20,-3.06,3.89,-1.64,93.22,RTL,1,16.56,98.56,1,13,-45.4
2025-12-06T17:52:51.073105,37.6261710,-122.3794737,107.49,12.16,-3.01,4.54,-1.62,92.99,RTL,1,16.57,98.56,1,14,-45.2
2025-12-06T17:52:51.273105,37.6261929,-122.3794751,106.91,12.24,-2.94,3.50,-1.32,92.77,RTL,1,16.54,98.55,1,14,-45.4
2025-12-06T17:52:51.473105,37.6262149,-122.3794764,106.36,12.21,-2.97,3.53,-1.39,92.67,RTL,1,16.55,98.55,0,5,-45.4
2025-12-06T17:52:51.673105,37.6262367,-122.3794776,105.75,12.14,-3.10,3.70,-1.19,92.67,RTL,1,16.55,98.54,1,12,-45.4
2025-12-06T17:52:51.873105,37.6262584,-122.3794788,105.12,12.13,-3.05,2.97,-1.12,92.45,RTL,1,16.54,98.54,1,11,-45.3
2025-12-06T17:52:52.073105,37.6262803,-122.3794799,104.54,12.17,-2.95,3.25,-1.45,92.27,RTL,1,16.53,98.54,1,11,-45.3
2025-12-06T17:52:52.273105,37.6263020,-122.3794809,103.89,12.13,-3.06,3.64,-1.20,92.12,RTL,1,16.54,98.53,1,12,-45.3
2025-12-06T17:52:52.473105,37.6263237,-122.3794819,103.30,12.08,-3.05,3.05,-1.50,92.02,RTL,1,16.54,98.53,1,12,-45.3
2025-12-06T17:52:52.673105,37.6263452,-122.3794828,102.67,11.96,-3.10,3.61,-1.20,91.95,RTL,1,16.54,98.52,1,14,-45.4
2025-12-06T17:52:52.873105,37.6263666,-122.3794836,102.05,11.93,-2.98,4.36,-1.32,91.75,RTL,1,16.56,98.52,1,14,-45.5
2025-12-06T17:52:53.073105,37.6263881,-122.3794844,101.49,11.95,-3.00,2.85,-1.21,91.64,RTL,1,16.55,98.52,1,13,-45.5
2025-12-06T17:52:53.273105,37.6264094,-122.3794851,100.87,11.86,-2.98,3.10,-1.18,91.45,RTL,1,16.56,98.51,1,13,-45.4
2025-12-06T17:52:53.473105,37.6264308,-122.3794857,100.28,11.93,-2.97,3.15,-1.43,91.30,RTL,1,16.56,98.51,1,12,-45.4
2025-12-06T17:52:53.673105,37.6264522,-122.3794863,99.68,11.93,-2.98,3.08,-0.87,91.14,RTL,1,16.53,98.50,1,14,-45.4
2025-12-06T17:52:53.873105,37.6264737,-122.3794868,99.10,11.92,-3.00,2.70,-1.06,91.08,RTL,1,16.55,98.50,1,15,-45.5
2025-12-06T17:52:54.073105,37.6264951,-122.3794873,98.46,11.95,-3.00,2.60,-1.35,91.02,RTL,1,16.55,98.50,1,14,-45.6
2025-12-06T17:52:54.273105,37.6265166,-122.3794877,97.87,11.96,-3.01,2.47,-0.86,90.87,RTL,1,16.54,98.49,1,13,-45.8
2025-12-06T17:52:54.473105,37.6265380,-122.3794880,97.29,11.94,-2.93,2.42,-0.97,90.76,RTL,1,16.54,98.49,1,14,-45.7
2025-12-06T17:52:54.673105,37.6265596,-122.3794883,96.67,11.99,-3.00,2.44,-0.88,90.62,RTL,1,16.51,98.48,1,13,-45.7
2025-12-06T17:52:54.873105,37.6265810,-122.3794886,96.08,11.92,-3.01,2.23,-0.83,90.55,RTL,1,16.54,98.48,1,12,-45.7
2025-12-06T17:52:55.073105,37.6266025,-122.3794888,95.47,11.98,-3.00,1.71,-0.77,90.43,RTL,1,16.54,98.48,1,13,-45.8
2025-12-06T17:52:55.273105,37.6266240,-122.3794890,94.87,11.96,-3.03,2.10,-0.96,90.42,RTL,1,16.54,98.47,1,14,-45.7
2025-12-06T17:52:55.473105,37.6266457,-122.3794891,94.27,12.07,-3.01,2.13,-0.67,90.29,RTL,1,16.54,98.47,1,15,-45.8
2025-12-06T17:52:55.673105,37.6266673,-122.3794892,93.72,12.04,-2.93,1.67,-0.91,90.21,RTL,1,16.53,98.46,1,15,-45.8
2025-12-06T17:52:55.873105,37.6266890,-122.3794893,93.13,12.04,-2.99,1.35,-0.36,90.19,RTL,1,16.55,98.46,1,13,-45.8
2025-12-06T17:52:56.073105,37.6267106,-122.3794894,92.51,12.04,-3.06,1.40,-0.59,90.11,RTL,1,16.54,98.46,1,13,-45.7
2025-12-06T17:52:56.273105,37.6267323,-122.3794894,91.91,12.09,-2.98,1.93,-0.64,90.03,RTL,1,16.55,98.45,1,13,-45.6
2025-12-06T17:52:56.473105,37.6267542,-122.3794894,91.26,12.15,-3.03,1.18,-0.77,89.95,RTL,1,16.56,98.45,1,12,-45.8
2025-12-06T17:52:56.673105,37.6267760,-122.3794893,90.69,12.18,-2.99,1.87,-0.60,89.88,RTL,1,16.54,98.44,1,11,-45.9
2025-12-06T17:52:56.873105,37.6267979,-122.3794892,90.05,12.15,-2.99,1.73,-0.67,89.81,RTL,1,16.54,98.44,1,14,-45.9
2025-12-06T17:52:57.073105,37.6268197,-122.3794891,89.43,12.14,-3.08,1.22,-0.47,89.71,RTL,1,16.54,98.44,1,13,-45.8
2025-12-06T17:52:57.273105,37.6268415,-122.3794889,88.81,12.14,-2.98,0.88,-0.53,89.62,RTL,1,16.54,98.43,1,13,-45.8
2025-12-06T17:52:57.473105,37.6268632,-122.3794887,88.19,12.12,-3.01,0.75,-0.72,89.59,RTL,1,16.55,98.43,1,14,-45.6
2025-12-06T17:52:57.673105,37.6268850,-122.3794885,87.61,12.13,-3.00,0.70,-0.75,89.56,RTL,1,16.53,98.42,1,15,-45.6
2025-12-06T17:52:57.873105,37.6269068,-122.3794883,86.96,12.13,-3.05,0.15,-0.24,89.55,RTL,1,16.53,98.42,1,12,-45.8
2025-12-06T17:52:58.073105,37.6269285,-122.3794881,86.38,12.07,-2.97,0.44,-0.45,89.58,RTL,1,16.51,98.42,1,14,-45.9
2025-12-06T17:52:58.273105,37.6269502,-122.3794879,85.75,12.06,-3.01,0.35,-0.69,89.66,RTL,1,16.54,98.41,1,13,-45.9
2025-12-06T17:52:58.473105,37.6269718,-122.3794878,85.14,12.04,-3.01,0.19,-0.49,89.75,RTL,1,16.53,98.41,1,14,-45.7
2025-12-06T17:52:58.673105,37.6269936,-122.3794876,84.52,12.11,-3.04,-0.38,-0.43,89.71,RTL,1,16.54,98.40,1,14,-45.8
2025-12-06T17:52:58.873105,37.6270153,-122.3794875,83.92,12.08,-2.96,-0.14,-0.25,89.70,RTL,1,16.54,98.40,1,16,-45.7
